🧪 FyteClub Server Connection Test
==================================
This test runs independently and should connect to the running server

Starting tests in 2 seconds...
Testing Health Check...
❌ Health Check - Error: 

Testing Status Endpoint...
❌ Status Endpoint - Error: 

Testing Stats Endpoint...
❌ Stats Endpoint - Error: 

Testing 404 Test...
❌ 404 Test - Error: 

📊 Test Summary:
================
❌ Health Check
❌ Status Endpoint
❌ Stats Endpoint
❌ 404 Test

Results: 0 passed, 4 failed
❌ Server is not responding to any requests
💡 Check if the server is actually running and bound to the correct port
